// Jest Snapshot v1, https://goo.gl/fbAQLP

exports[`<MultipleCustomHooks /> tests should show correctly 1`] = `
<div>
  <h1>
    BreakingBad Quotes
  </h1>
  <hr />
  <div
    className="alert alert-info text-center"
  >
    Loading...
  </div>
  <button
    className="btn btn-success"
    onClick={[Function]}
  >
    Prev Quote
  </button>
  <button
    className="btn btn-success"
    onClick={[Function]}
  >
    Next Quote
  </button>
</div>
`;
