// Jest Snapshot v1, https://goo.gl/fbAQLP

exports[`RealExampleRef tests should show correctly 1`] = `
<div>
  <h1>
    Real Example useRef
  </h1>
  <hr />
  <button
    className="btn btn-outline-primary mt-3"
    onClick={[Function]}
  >
    Show
  </button>
</div>
`;
