// Jest Snapshot v1, https://goo.gl/fbAQLP

exports[`<PrimeraApp /> tests should show PrimeraApp component correctly 1`] = `
<Fragment>
  <h1>
    Hola, Soy Goku
  </h1>
  <h3>
    Soy un subtitulo
  </h3>
</Fragment>
`;
