// Jest Snapshot v1, https://goo.gl/fbAQLP

exports[`Pruebas en <HookApp /> should show correctly 1`] = `
<div>
  <h1>
    Hello World
  </h1>
</div>
`;
